  Geri y├╝klenecek projeler belirleniyor...
  Geri y├╝kleme i├ºin t├╝m projeler g├╝ncel.
D:\Desktop\Orjeen Stok Takip\Models\Category.cs(2,7): error CS0246: 'Postgrest' t├╝r├╝ veya ad alan─▒ ad─▒ bulunamad─▒ (bir using y├╢nergeniz veya derleme ba┼ƒvurunuz mu eksik?) [D:\Desktop\Orjeen Stok Takip\Orjeen Stok Takip.csproj]
D:\Desktop\Orjeen Stok Takip\Models\Category.cs(3,7): error CS0246: 'Postgrest' t├╝r├╝ veya ad alan─▒ ad─▒ bulunamad─▒ (bir using y├╢nergeniz veya derleme ba┼ƒvurunuz mu eksik?) [D:\Desktop\Orjeen Stok Takip\Orjeen Stok Takip.csproj]
D:\Desktop\Orjeen Stok Takip\Models\Product.cs(2,7): error CS0246: 'Postgrest' t├╝r├╝ veya ad alan─▒ ad─▒ bulunamad─▒ (bir using y├╢nergeniz veya derleme ba┼ƒvurunuz mu eksik?) [D:\Desktop\Orjeen Stok Takip\Orjeen Stok Takip.csproj]
D:\Desktop\Orjeen Stok Takip\Models\Product.cs(3,7): error CS0246: 'Postgrest' t├╝r├╝ veya ad alan─▒ ad─▒ bulunamad─▒ (bir using y├╢nergeniz veya derleme ba┼ƒvurunuz mu eksik?) [D:\Desktop\Orjeen Stok Takip\Orjeen Stok Takip.csproj]
D:\Desktop\Orjeen Stok Takip\Models\StockMovement.cs(2,7): error CS0246: 'Postgrest' t├╝r├╝ veya ad alan─▒ ad─▒ bulunamad─▒ (bir using y├╢nergeniz veya derleme ba┼ƒvurunuz mu eksik?) [D:\Desktop\Orjeen Stok Takip\Orjeen Stok Takip.csproj]
D:\Desktop\Orjeen Stok Takip\Models\StockMovement.cs(3,7): error CS0246: 'Postgrest' t├╝r├╝ veya ad alan─▒ ad─▒ bulunamad─▒ (bir using y├╢nergeniz veya derleme ba┼ƒvurunuz mu eksik?) [D:\Desktop\Orjeen Stok Takip\Orjeen Stok Takip.csproj]
D:\Desktop\Orjeen Stok Takip\Models\UserProfile.cs(2,7): error CS0246: 'Postgrest' t├╝r├╝ veya ad alan─▒ ad─▒ bulunamad─▒ (bir using y├╢nergeniz veya derleme ba┼ƒvurunuz mu eksik?) [D:\Desktop\Orjeen Stok Takip\Orjeen Stok Takip.csproj]
D:\Desktop\Orjeen Stok Takip\Models\UserProfile.cs(3,7): error CS0246: 'Postgrest' t├╝r├╝ veya ad alan─▒ ad─▒ bulunamad─▒ (bir using y├╢nergeniz veya derleme ba┼ƒvurunuz mu eksik?) [D:\Desktop\Orjeen Stok Takip\Orjeen Stok Takip.csproj]
D:\Desktop\Orjeen Stok Takip\Models\Category.cs(8,29): error CS0246: 'BaseModel' t├╝r├╝ veya ad alan─▒ ad─▒ bulunamad─▒ (bir using y├╢nergeniz veya derleme ba┼ƒvurunuz mu eksik?) [D:\Desktop\Orjeen Stok Takip\Orjeen Stok Takip.csproj]
D:\Desktop\Orjeen Stok Takip\Models\Category.cs(7,6): error CS0246: 'TableAttribute' t├╝r├╝ veya ad alan─▒ ad─▒ bulunamad─▒ (bir using y├╢nergeniz veya derleme ba┼ƒvurunuz mu eksik?) [D:\Desktop\Orjeen Stok Takip\Orjeen Stok Takip.csproj]
D:\Desktop\Orjeen Stok Takip\Models\Category.cs(7,6): error CS0246: 'Table' t├╝r├╝ veya ad alan─▒ ad─▒ bulunamad─▒ (bir using y├╢nergeniz veya derleme ba┼ƒvurunuz mu eksik?) [D:\Desktop\Orjeen Stok Takip\Orjeen Stok Takip.csproj]
D:\Desktop\Orjeen Stok Takip\Models\Category.cs(10,10): error CS0246: 'PrimaryKeyAttribute' t├╝r├╝ veya ad alan─▒ ad─▒ bulunamad─▒ (bir using y├╢nergeniz veya derleme ba┼ƒvurunuz mu eksik?) [D:\Desktop\Orjeen Stok Takip\Orjeen Stok Takip.csproj]
D:\Desktop\Orjeen Stok Takip\Models\Category.cs(10,10): error CS0246: 'PrimaryKey' t├╝r├╝ veya ad alan─▒ ad─▒ bulunamad─▒ (bir using y├╢nergeniz veya derleme ba┼ƒvurunuz mu eksik?) [D:\Desktop\Orjeen Stok Takip\Orjeen Stok Takip.csproj]
D:\Desktop\Orjeen Stok Takip\Models\Category.cs(13,10): error CS0246: 'ColumnAttribute' t├╝r├╝ veya ad alan─▒ ad─▒ bulunamad─▒ (bir using y├╢nergeniz veya derleme ba┼ƒvurunuz mu eksik?) [D:\Desktop\Orjeen Stok Takip\Orjeen Stok Takip.csproj]
D:\Desktop\Orjeen Stok Takip\Models\Category.cs(13,10): error CS0246: 'Column' t├╝r├╝ veya ad alan─▒ ad─▒ bulunamad─▒ (bir using y├╢nergeniz veya derleme ba┼ƒvurunuz mu eksik?) [D:\Desktop\Orjeen Stok Takip\Orjeen Stok Takip.csproj]
D:\Desktop\Orjeen Stok Takip\Models\Category.cs(16,10): error CS0246: 'ColumnAttribute' t├╝r├╝ veya ad alan─▒ ad─▒ bulunamad─▒ (bir using y├╢nergeniz veya derleme ba┼ƒvurunuz mu eksik?) [D:\Desktop\Orjeen Stok Takip\Orjeen Stok Takip.csproj]
D:\Desktop\Orjeen Stok Takip\Models\Category.cs(16,10): error CS0246: 'Column' t├╝r├╝ veya ad alan─▒ ad─▒ bulunamad─▒ (bir using y├╢nergeniz veya derleme ba┼ƒvurunuz mu eksik?) [D:\Desktop\Orjeen Stok Takip\Orjeen Stok Takip.csproj]
D:\Desktop\Orjeen Stok Takip\Models\Category.cs(19,10): error CS0246: 'ColumnAttribute' t├╝r├╝ veya ad alan─▒ ad─▒ bulunamad─▒ (bir using y├╢nergeniz veya derleme ba┼ƒvurunuz mu eksik?) [D:\Desktop\Orjeen Stok Takip\Orjeen Stok Takip.csproj]
D:\Desktop\Orjeen Stok Takip\Models\Category.cs(19,10): error CS0246: 'Column' t├╝r├╝ veya ad alan─▒ ad─▒ bulunamad─▒ (bir using y├╢nergeniz veya derleme ba┼ƒvurunuz mu eksik?) [D:\Desktop\Orjeen Stok Takip\Orjeen Stok Takip.csproj]
D:\Desktop\Orjeen Stok Takip\Models\Product.cs(8,28): error CS0246: 'BaseModel' t├╝r├╝ veya ad alan─▒ ad─▒ bulunamad─▒ (bir using y├╢nergeniz veya derleme ba┼ƒvurunuz mu eksik?) [D:\Desktop\Orjeen Stok Takip\Orjeen Stok Takip.csproj]
D:\Desktop\Orjeen Stok Takip\Models\Product.cs(7,6): error CS0246: 'TableAttribute' t├╝r├╝ veya ad alan─▒ ad─▒ bulunamad─▒ (bir using y├╢nergeniz veya derleme ba┼ƒvurunuz mu eksik?) [D:\Desktop\Orjeen Stok Takip\Orjeen Stok Takip.csproj]
D:\Desktop\Orjeen Stok Takip\Models\Product.cs(7,6): error CS0246: 'Table' t├╝r├╝ veya ad alan─▒ ad─▒ bulunamad─▒ (bir using y├╢nergeniz veya derleme ba┼ƒvurunuz mu eksik?) [D:\Desktop\Orjeen Stok Takip\Orjeen Stok Takip.csproj]
D:\Desktop\Orjeen Stok Takip\Models\Product.cs(10,10): error CS0246: 'PrimaryKeyAttribute' t├╝r├╝ veya ad alan─▒ ad─▒ bulunamad─▒ (bir using y├╢nergeniz veya derleme ba┼ƒvurunuz mu eksik?) [D:\Desktop\Orjeen Stok Takip\Orjeen Stok Takip.csproj]
D:\Desktop\Orjeen Stok Takip\Models\Product.cs(10,10): error CS0246: 'PrimaryKey' t├╝r├╝ veya ad alan─▒ ad─▒ bulunamad─▒ (bir using y├╢nergeniz veya derleme ba┼ƒvurunuz mu eksik?) [D:\Desktop\Orjeen Stok Takip\Orjeen Stok Takip.csproj]
D:\Desktop\Orjeen Stok Takip\Models\Product.cs(13,10): error CS0246: 'ColumnAttribute' t├╝r├╝ veya ad alan─▒ ad─▒ bulunamad─▒ (bir using y├╢nergeniz veya derleme ba┼ƒvurunuz mu eksik?) [D:\Desktop\Orjeen Stok Takip\Orjeen Stok Takip.csproj]
D:\Desktop\Orjeen Stok Takip\Models\Product.cs(13,10): error CS0246: 'Column' t├╝r├╝ veya ad alan─▒ ad─▒ bulunamad─▒ (bir using y├╢nergeniz veya derleme ba┼ƒvurunuz mu eksik?) [D:\Desktop\Orjeen Stok Takip\Orjeen Stok Takip.csproj]
D:\Desktop\Orjeen Stok Takip\Models\Product.cs(16,10): error CS0246: 'ColumnAttribute' t├╝r├╝ veya ad alan─▒ ad─▒ bulunamad─▒ (bir using y├╢nergeniz veya derleme ba┼ƒvurunuz mu eksik?) [D:\Desktop\Orjeen Stok Takip\Orjeen Stok Takip.csproj]
D:\Desktop\Orjeen Stok Takip\Models\Product.cs(16,10): error CS0246: 'Column' t├╝r├╝ veya ad alan─▒ ad─▒ bulunamad─▒ (bir using y├╢nergeniz veya derleme ba┼ƒvurunuz mu eksik?) [D:\Desktop\Orjeen Stok Takip\Orjeen Stok Takip.csproj]
D:\Desktop\Orjeen Stok Takip\Models\Product.cs(19,10): error CS0246: 'ColumnAttribute' t├╝r├╝ veya ad alan─▒ ad─▒ bulunamad─▒ (bir using y├╢nergeniz veya derleme ba┼ƒvurunuz mu eksik?) [D:\Desktop\Orjeen Stok Takip\Orjeen Stok Takip.csproj]
D:\Desktop\Orjeen Stok Takip\Models\Product.cs(19,10): error CS0246: 'Column' t├╝r├╝ veya ad alan─▒ ad─▒ bulunamad─▒ (bir using y├╢nergeniz veya derleme ba┼ƒvurunuz mu eksik?) [D:\Desktop\Orjeen Stok Takip\Orjeen Stok Takip.csproj]
D:\Desktop\Orjeen Stok Takip\Models\Product.cs(22,10): error CS0246: 'ColumnAttribute' t├╝r├╝ veya ad alan─▒ ad─▒ bulunamad─▒ (bir using y├╢nergeniz veya derleme ba┼ƒvurunuz mu eksik?) [D:\Desktop\Orjeen Stok Takip\Orjeen Stok Takip.csproj]
D:\Desktop\Orjeen Stok Takip\Models\Product.cs(22,10): error CS0246: 'Column' t├╝r├╝ veya ad alan─▒ ad─▒ bulunamad─▒ (bir using y├╢nergeniz veya derleme ba┼ƒvurunuz mu eksik?) [D:\Desktop\Orjeen Stok Takip\Orjeen Stok Takip.csproj]
D:\Desktop\Orjeen Stok Takip\Models\Product.cs(25,10): error CS0246: 'ColumnAttribute' t├╝r├╝ veya ad alan─▒ ad─▒ bulunamad─▒ (bir using y├╢nergeniz veya derleme ba┼ƒvurunuz mu eksik?) [D:\Desktop\Orjeen Stok Takip\Orjeen Stok Takip.csproj]
D:\Desktop\Orjeen Stok Takip\Models\Product.cs(25,10): error CS0246: 'Column' t├╝r├╝ veya ad alan─▒ ad─▒ bulunamad─▒ (bir using y├╢nergeniz veya derleme ba┼ƒvurunuz mu eksik?) [D:\Desktop\Orjeen Stok Takip\Orjeen Stok Takip.csproj]
D:\Desktop\Orjeen Stok Takip\Models\Product.cs(28,10): error CS0246: 'ColumnAttribute' t├╝r├╝ veya ad alan─▒ ad─▒ bulunamad─▒ (bir using y├╢nergeniz veya derleme ba┼ƒvurunuz mu eksik?) [D:\Desktop\Orjeen Stok Takip\Orjeen Stok Takip.csproj]
D:\Desktop\Orjeen Stok Takip\Models\Product.cs(28,10): error CS0246: 'Column' t├╝r├╝ veya ad alan─▒ ad─▒ bulunamad─▒ (bir using y├╢nergeniz veya derleme ba┼ƒvurunuz mu eksik?) [D:\Desktop\Orjeen Stok Takip\Orjeen Stok Takip.csproj]
D:\Desktop\Orjeen Stok Takip\Models\Product.cs(31,10): error CS0246: 'ColumnAttribute' t├╝r├╝ veya ad alan─▒ ad─▒ bulunamad─▒ (bir using y├╢nergeniz veya derleme ba┼ƒvurunuz mu eksik?) [D:\Desktop\Orjeen Stok Takip\Orjeen Stok Takip.csproj]
D:\Desktop\Orjeen Stok Takip\Models\Product.cs(31,10): error CS0246: 'Column' t├╝r├╝ veya ad alan─▒ ad─▒ bulunamad─▒ (bir using y├╢nergeniz veya derleme ba┼ƒvurunuz mu eksik?) [D:\Desktop\Orjeen Stok Takip\Orjeen Stok Takip.csproj]
D:\Desktop\Orjeen Stok Takip\Models\Product.cs(34,10): error CS0246: 'ColumnAttribute' t├╝r├╝ veya ad alan─▒ ad─▒ bulunamad─▒ (bir using y├╢nergeniz veya derleme ba┼ƒvurunuz mu eksik?) [D:\Desktop\Orjeen Stok Takip\Orjeen Stok Takip.csproj]
D:\Desktop\Orjeen Stok Takip\Models\Product.cs(34,10): error CS0246: 'Column' t├╝r├╝ veya ad alan─▒ ad─▒ bulunamad─▒ (bir using y├╢nergeniz veya derleme ba┼ƒvurunuz mu eksik?) [D:\Desktop\Orjeen Stok Takip\Orjeen Stok Takip.csproj]
D:\Desktop\Orjeen Stok Takip\Models\StockMovement.cs(8,34): error CS0246: 'BaseModel' t├╝r├╝ veya ad alan─▒ ad─▒ bulunamad─▒ (bir using y├╢nergeniz veya derleme ba┼ƒvurunuz mu eksik?) [D:\Desktop\Orjeen Stok Takip\Orjeen Stok Takip.csproj]
D:\Desktop\Orjeen Stok Takip\Models\UserProfile.cs(8,32): error CS0246: 'BaseModel' t├╝r├╝ veya ad alan─▒ ad─▒ bulunamad─▒ (bir using y├╢nergeniz veya derleme ba┼ƒvurunuz mu eksik?) [D:\Desktop\Orjeen Stok Takip\Orjeen Stok Takip.csproj]
D:\Desktop\Orjeen Stok Takip\Models\Product.cs(37,10): error CS0246: 'ColumnAttribute' t├╝r├╝ veya ad alan─▒ ad─▒ bulunamad─▒ (bir using y├╢nergeniz veya derleme ba┼ƒvurunuz mu eksik?) [D:\Desktop\Orjeen Stok Takip\Orjeen Stok Takip.csproj]
D:\Desktop\Orjeen Stok Takip\Models\Product.cs(37,10): error CS0246: 'Column' t├╝r├╝ veya ad alan─▒ ad─▒ bulunamad─▒ (bir using y├╢nergeniz veya derleme ba┼ƒvurunuz mu eksik?) [D:\Desktop\Orjeen Stok Takip\Orjeen Stok Takip.csproj]
D:\Desktop\Orjeen Stok Takip\Models\StockMovement.cs(7,6): error CS0246: 'TableAttribute' t├╝r├╝ veya ad alan─▒ ad─▒ bulunamad─▒ (bir using y├╢nergeniz veya derleme ba┼ƒvurunuz mu eksik?) [D:\Desktop\Orjeen Stok Takip\Orjeen Stok Takip.csproj]
D:\Desktop\Orjeen Stok Takip\Models\StockMovement.cs(7,6): error CS0246: 'Table' t├╝r├╝ veya ad alan─▒ ad─▒ bulunamad─▒ (bir using y├╢nergeniz veya derleme ba┼ƒvurunuz mu eksik?) [D:\Desktop\Orjeen Stok Takip\Orjeen Stok Takip.csproj]
D:\Desktop\Orjeen Stok Takip\Models\UserProfile.cs(7,6): error CS0246: 'TableAttribute' t├╝r├╝ veya ad alan─▒ ad─▒ bulunamad─▒ (bir using y├╢nergeniz veya derleme ba┼ƒvurunuz mu eksik?) [D:\Desktop\Orjeen Stok Takip\Orjeen Stok Takip.csproj]
D:\Desktop\Orjeen Stok Takip\Models\UserProfile.cs(7,6): error CS0246: 'Table' t├╝r├╝ veya ad alan─▒ ad─▒ bulunamad─▒ (bir using y├╢nergeniz veya derleme ba┼ƒvurunuz mu eksik?) [D:\Desktop\Orjeen Stok Takip\Orjeen Stok Takip.csproj]
D:\Desktop\Orjeen Stok Takip\Models\Product.cs(40,10): error CS0246: 'ColumnAttribute' t├╝r├╝ veya ad alan─▒ ad─▒ bulunamad─▒ (bir using y├╢nergeniz veya derleme ba┼ƒvurunuz mu eksik?) [D:\Desktop\Orjeen Stok Takip\Orjeen Stok Takip.csproj]
D:\Desktop\Orjeen Stok Takip\Models\Product.cs(40,10): error CS0246: 'Column' t├╝r├╝ veya ad alan─▒ ad─▒ bulunamad─▒ (bir using y├╢nergeniz veya derleme ba┼ƒvurunuz mu eksik?) [D:\Desktop\Orjeen Stok Takip\Orjeen Stok Takip.csproj]
D:\Desktop\Orjeen Stok Takip\Models\StockMovement.cs(10,10): error CS0246: 'PrimaryKeyAttribute' t├╝r├╝ veya ad alan─▒ ad─▒ bulunamad─▒ (bir using y├╢nergeniz veya derleme ba┼ƒvurunuz mu eksik?) [D:\Desktop\Orjeen Stok Takip\Orjeen Stok Takip.csproj]
D:\Desktop\Orjeen Stok Takip\Models\StockMovement.cs(10,10): error CS0246: 'PrimaryKey' t├╝r├╝ veya ad alan─▒ ad─▒ bulunamad─▒ (bir using y├╢nergeniz veya derleme ba┼ƒvurunuz mu eksik?) [D:\Desktop\Orjeen Stok Takip\Orjeen Stok Takip.csproj]
D:\Desktop\Orjeen Stok Takip\Models\UserProfile.cs(10,10): error CS0246: 'PrimaryKeyAttribute' t├╝r├╝ veya ad alan─▒ ad─▒ bulunamad─▒ (bir using y├╢nergeniz veya derleme ba┼ƒvurunuz mu eksik?) [D:\Desktop\Orjeen Stok Takip\Orjeen Stok Takip.csproj]
D:\Desktop\Orjeen Stok Takip\Models\UserProfile.cs(10,10): error CS0246: 'PrimaryKey' t├╝r├╝ veya ad alan─▒ ad─▒ bulunamad─▒ (bir using y├╢nergeniz veya derleme ba┼ƒvurunuz mu eksik?) [D:\Desktop\Orjeen Stok Takip\Orjeen Stok Takip.csproj]
D:\Desktop\Orjeen Stok Takip\Models\Product.cs(43,10): error CS0246: 'ColumnAttribute' t├╝r├╝ veya ad alan─▒ ad─▒ bulunamad─▒ (bir using y├╢nergeniz veya derleme ba┼ƒvurunuz mu eksik?) [D:\Desktop\Orjeen Stok Takip\Orjeen Stok Takip.csproj]
D:\Desktop\Orjeen Stok Takip\Models\Product.cs(43,10): error CS0246: 'Column' t├╝r├╝ veya ad alan─▒ ad─▒ bulunamad─▒ (bir using y├╢nergeniz veya derleme ba┼ƒvurunuz mu eksik?) [D:\Desktop\Orjeen Stok Takip\Orjeen Stok Takip.csproj]
D:\Desktop\Orjeen Stok Takip\Models\UserProfile.cs(13,10): error CS0246: 'ColumnAttribute' t├╝r├╝ veya ad alan─▒ ad─▒ bulunamad─▒ (bir using y├╢nergeniz veya derleme ba┼ƒvurunuz mu eksik?) [D:\Desktop\Orjeen Stok Takip\Orjeen Stok Takip.csproj]
D:\Desktop\Orjeen Stok Takip\Models\StockMovement.cs(13,10): error CS0246: 'ColumnAttribute' t├╝r├╝ veya ad alan─▒ ad─▒ bulunamad─▒ (bir using y├╢nergeniz veya derleme ba┼ƒvurunuz mu eksik?) [D:\Desktop\Orjeen Stok Takip\Orjeen Stok Takip.csproj]
D:\Desktop\Orjeen Stok Takip\Models\UserProfile.cs(13,10): error CS0246: 'Column' t├╝r├╝ veya ad alan─▒ ad─▒ bulunamad─▒ (bir using y├╢nergeniz veya derleme ba┼ƒvurunuz mu eksik?) [D:\Desktop\Orjeen Stok Takip\Orjeen Stok Takip.csproj]
D:\Desktop\Orjeen Stok Takip\Models\StockMovement.cs(13,10): error CS0246: 'Column' t├╝r├╝ veya ad alan─▒ ad─▒ bulunamad─▒ (bir using y├╢nergeniz veya derleme ba┼ƒvurunuz mu eksik?) [D:\Desktop\Orjeen Stok Takip\Orjeen Stok Takip.csproj]
D:\Desktop\Orjeen Stok Takip\Models\StockMovement.cs(16,10): error CS0246: 'ColumnAttribute' t├╝r├╝ veya ad alan─▒ ad─▒ bulunamad─▒ (bir using y├╢nergeniz veya derleme ba┼ƒvurunuz mu eksik?) [D:\Desktop\Orjeen Stok Takip\Orjeen Stok Takip.csproj]
D:\Desktop\Orjeen Stok Takip\Models\StockMovement.cs(16,10): error CS0246: 'Column' t├╝r├╝ veya ad alan─▒ ad─▒ bulunamad─▒ (bir using y├╢nergeniz veya derleme ba┼ƒvurunuz mu eksik?) [D:\Desktop\Orjeen Stok Takip\Orjeen Stok Takip.csproj]
D:\Desktop\Orjeen Stok Takip\Models\UserProfile.cs(16,10): error CS0246: 'ColumnAttribute' t├╝r├╝ veya ad alan─▒ ad─▒ bulunamad─▒ (bir using y├╢nergeniz veya derleme ba┼ƒvurunuz mu eksik?) [D:\Desktop\Orjeen Stok Takip\Orjeen Stok Takip.csproj]
D:\Desktop\Orjeen Stok Takip\Models\UserProfile.cs(16,10): error CS0246: 'Column' t├╝r├╝ veya ad alan─▒ ad─▒ bulunamad─▒ (bir using y├╢nergeniz veya derleme ba┼ƒvurunuz mu eksik?) [D:\Desktop\Orjeen Stok Takip\Orjeen Stok Takip.csproj]
D:\Desktop\Orjeen Stok Takip\Models\StockMovement.cs(19,10): error CS0246: 'ColumnAttribute' t├╝r├╝ veya ad alan─▒ ad─▒ bulunamad─▒ (bir using y├╢nergeniz veya derleme ba┼ƒvurunuz mu eksik?) [D:\Desktop\Orjeen Stok Takip\Orjeen Stok Takip.csproj]
D:\Desktop\Orjeen Stok Takip\Models\UserProfile.cs(19,10): error CS0246: 'ColumnAttribute' t├╝r├╝ veya ad alan─▒ ad─▒ bulunamad─▒ (bir using y├╢nergeniz veya derleme ba┼ƒvurunuz mu eksik?) [D:\Desktop\Orjeen Stok Takip\Orjeen Stok Takip.csproj]
D:\Desktop\Orjeen Stok Takip\Models\StockMovement.cs(19,10): error CS0246: 'Column' t├╝r├╝ veya ad alan─▒ ad─▒ bulunamad─▒ (bir using y├╢nergeniz veya derleme ba┼ƒvurunuz mu eksik?) [D:\Desktop\Orjeen Stok Takip\Orjeen Stok Takip.csproj]
D:\Desktop\Orjeen Stok Takip\Models\UserProfile.cs(19,10): error CS0246: 'Column' t├╝r├╝ veya ad alan─▒ ad─▒ bulunamad─▒ (bir using y├╢nergeniz veya derleme ba┼ƒvurunuz mu eksik?) [D:\Desktop\Orjeen Stok Takip\Orjeen Stok Takip.csproj]
D:\Desktop\Orjeen Stok Takip\Models\StockMovement.cs(22,10): error CS0246: 'ColumnAttribute' t├╝r├╝ veya ad alan─▒ ad─▒ bulunamad─▒ (bir using y├╢nergeniz veya derleme ba┼ƒvurunuz mu eksik?) [D:\Desktop\Orjeen Stok Takip\Orjeen Stok Takip.csproj]
D:\Desktop\Orjeen Stok Takip\Models\UserProfile.cs(22,10): error CS0246: 'ColumnAttribute' t├╝r├╝ veya ad alan─▒ ad─▒ bulunamad─▒ (bir using y├╢nergeniz veya derleme ba┼ƒvurunuz mu eksik?) [D:\Desktop\Orjeen Stok Takip\Orjeen Stok Takip.csproj]
D:\Desktop\Orjeen Stok Takip\Models\StockMovement.cs(22,10): error CS0246: 'Column' t├╝r├╝ veya ad alan─▒ ad─▒ bulunamad─▒ (bir using y├╢nergeniz veya derleme ba┼ƒvurunuz mu eksik?) [D:\Desktop\Orjeen Stok Takip\Orjeen Stok Takip.csproj]
D:\Desktop\Orjeen Stok Takip\Models\UserProfile.cs(22,10): error CS0246: 'Column' t├╝r├╝ veya ad alan─▒ ad─▒ bulunamad─▒ (bir using y├╢nergeniz veya derleme ba┼ƒvurunuz mu eksik?) [D:\Desktop\Orjeen Stok Takip\Orjeen Stok Takip.csproj]
D:\Desktop\Orjeen Stok Takip\Models\StockMovement.cs(25,10): error CS0246: 'ColumnAttribute' t├╝r├╝ veya ad alan─▒ ad─▒ bulunamad─▒ (bir using y├╢nergeniz veya derleme ba┼ƒvurunuz mu eksik?) [D:\Desktop\Orjeen Stok Takip\Orjeen Stok Takip.csproj]
D:\Desktop\Orjeen Stok Takip\Models\StockMovement.cs(25,10): error CS0246: 'Column' t├╝r├╝ veya ad alan─▒ ad─▒ bulunamad─▒ (bir using y├╢nergeniz veya derleme ba┼ƒvurunuz mu eksik?) [D:\Desktop\Orjeen Stok Takip\Orjeen Stok Takip.csproj]
D:\Desktop\Orjeen Stok Takip\Models\StockMovement.cs(28,10): error CS0246: 'ColumnAttribute' t├╝r├╝ veya ad alan─▒ ad─▒ bulunamad─▒ (bir using y├╢nergeniz veya derleme ba┼ƒvurunuz mu eksik?) [D:\Desktop\Orjeen Stok Takip\Orjeen Stok Takip.csproj]
D:\Desktop\Orjeen Stok Takip\Models\StockMovement.cs(28,10): error CS0246: 'Column' t├╝r├╝ veya ad alan─▒ ad─▒ bulunamad─▒ (bir using y├╢nergeniz veya derleme ba┼ƒvurunuz mu eksik?) [D:\Desktop\Orjeen Stok Takip\Orjeen Stok Takip.csproj]
D:\Desktop\Orjeen Stok Takip\Models\UserProfile.cs(25,10): error CS0246: 'ColumnAttribute' t├╝r├╝ veya ad alan─▒ ad─▒ bulunamad─▒ (bir using y├╢nergeniz veya derleme ba┼ƒvurunuz mu eksik?) [D:\Desktop\Orjeen Stok Takip\Orjeen Stok Takip.csproj]
D:\Desktop\Orjeen Stok Takip\Models\UserProfile.cs(25,10): error CS0246: 'Column' t├╝r├╝ veya ad alan─▒ ad─▒ bulunamad─▒ (bir using y├╢nergeniz veya derleme ba┼ƒvurunuz mu eksik?) [D:\Desktop\Orjeen Stok Takip\Orjeen Stok Takip.csproj]
D:\Desktop\Orjeen Stok Takip\Models\StockMovement.cs(31,10): error CS0246: 'ColumnAttribute' t├╝r├╝ veya ad alan─▒ ad─▒ bulunamad─▒ (bir using y├╢nergeniz veya derleme ba┼ƒvurunuz mu eksik?) [D:\Desktop\Orjeen Stok Takip\Orjeen Stok Takip.csproj]
D:\Desktop\Orjeen Stok Takip\Models\StockMovement.cs(31,10): error CS0246: 'Column' t├╝r├╝ veya ad alan─▒ ad─▒ bulunamad─▒ (bir using y├╢nergeniz veya derleme ba┼ƒvurunuz mu eksik?) [D:\Desktop\Orjeen Stok Takip\Orjeen Stok Takip.csproj]

Olu┼ƒturma BA┼₧ARISIZ OLDU.

D:\Desktop\Orjeen Stok Takip\Models\Category.cs(2,7): error CS0246: 'Postgrest' t├╝r├╝ veya ad alan─▒ ad─▒ bulunamad─▒ (bir using y├╢nergeniz veya derleme ba┼ƒvurunuz mu eksik?) [D:\Desktop\Orjeen Stok Takip\Orjeen Stok Takip.csproj]
D:\Desktop\Orjeen Stok Takip\Models\Category.cs(3,7): error CS0246: 'Postgrest' t├╝r├╝ veya ad alan─▒ ad─▒ bulunamad─▒ (bir using y├╢nergeniz veya derleme ba┼ƒvurunuz mu eksik?) [D:\Desktop\Orjeen Stok Takip\Orjeen Stok Takip.csproj]
D:\Desktop\Orjeen Stok Takip\Models\Product.cs(2,7): error CS0246: 'Postgrest' t├╝r├╝ veya ad alan─▒ ad─▒ bulunamad─▒ (bir using y├╢nergeniz veya derleme ba┼ƒvurunuz mu eksik?) [D:\Desktop\Orjeen Stok Takip\Orjeen Stok Takip.csproj]
D:\Desktop\Orjeen Stok Takip\Models\Product.cs(3,7): error CS0246: 'Postgrest' t├╝r├╝ veya ad alan─▒ ad─▒ bulunamad─▒ (bir using y├╢nergeniz veya derleme ba┼ƒvurunuz mu eksik?) [D:\Desktop\Orjeen Stok Takip\Orjeen Stok Takip.csproj]
D:\Desktop\Orjeen Stok Takip\Models\StockMovement.cs(2,7): error CS0246: 'Postgrest' t├╝r├╝ veya ad alan─▒ ad─▒ bulunamad─▒ (bir using y├╢nergeniz veya derleme ba┼ƒvurunuz mu eksik?) [D:\Desktop\Orjeen Stok Takip\Orjeen Stok Takip.csproj]
D:\Desktop\Orjeen Stok Takip\Models\StockMovement.cs(3,7): error CS0246: 'Postgrest' t├╝r├╝ veya ad alan─▒ ad─▒ bulunamad─▒ (bir using y├╢nergeniz veya derleme ba┼ƒvurunuz mu eksik?) [D:\Desktop\Orjeen Stok Takip\Orjeen Stok Takip.csproj]
D:\Desktop\Orjeen Stok Takip\Models\UserProfile.cs(2,7): error CS0246: 'Postgrest' t├╝r├╝ veya ad alan─▒ ad─▒ bulunamad─▒ (bir using y├╢nergeniz veya derleme ba┼ƒvurunuz mu eksik?) [D:\Desktop\Orjeen Stok Takip\Orjeen Stok Takip.csproj]
D:\Desktop\Orjeen Stok Takip\Models\UserProfile.cs(3,7): error CS0246: 'Postgrest' t├╝r├╝ veya ad alan─▒ ad─▒ bulunamad─▒ (bir using y├╢nergeniz veya derleme ba┼ƒvurunuz mu eksik?) [D:\Desktop\Orjeen Stok Takip\Orjeen Stok Takip.csproj]
D:\Desktop\Orjeen Stok Takip\Models\Category.cs(8,29): error CS0246: 'BaseModel' t├╝r├╝ veya ad alan─▒ ad─▒ bulunamad─▒ (bir using y├╢nergeniz veya derleme ba┼ƒvurunuz mu eksik?) [D:\Desktop\Orjeen Stok Takip\Orjeen Stok Takip.csproj]
D:\Desktop\Orjeen Stok Takip\Models\Category.cs(7,6): error CS0246: 'TableAttribute' t├╝r├╝ veya ad alan─▒ ad─▒ bulunamad─▒ (bir using y├╢nergeniz veya derleme ba┼ƒvurunuz mu eksik?) [D:\Desktop\Orjeen Stok Takip\Orjeen Stok Takip.csproj]
D:\Desktop\Orjeen Stok Takip\Models\Category.cs(7,6): error CS0246: 'Table' t├╝r├╝ veya ad alan─▒ ad─▒ bulunamad─▒ (bir using y├╢nergeniz veya derleme ba┼ƒvurunuz mu eksik?) [D:\Desktop\Orjeen Stok Takip\Orjeen Stok Takip.csproj]
D:\Desktop\Orjeen Stok Takip\Models\Category.cs(10,10): error CS0246: 'PrimaryKeyAttribute' t├╝r├╝ veya ad alan─▒ ad─▒ bulunamad─▒ (bir using y├╢nergeniz veya derleme ba┼ƒvurunuz mu eksik?) [D:\Desktop\Orjeen Stok Takip\Orjeen Stok Takip.csproj]
D:\Desktop\Orjeen Stok Takip\Models\Category.cs(10,10): error CS0246: 'PrimaryKey' t├╝r├╝ veya ad alan─▒ ad─▒ bulunamad─▒ (bir using y├╢nergeniz veya derleme ba┼ƒvurunuz mu eksik?) [D:\Desktop\Orjeen Stok Takip\Orjeen Stok Takip.csproj]
D:\Desktop\Orjeen Stok Takip\Models\Category.cs(13,10): error CS0246: 'ColumnAttribute' t├╝r├╝ veya ad alan─▒ ad─▒ bulunamad─▒ (bir using y├╢nergeniz veya derleme ba┼ƒvurunuz mu eksik?) [D:\Desktop\Orjeen Stok Takip\Orjeen Stok Takip.csproj]
D:\Desktop\Orjeen Stok Takip\Models\Category.cs(13,10): error CS0246: 'Column' t├╝r├╝ veya ad alan─▒ ad─▒ bulunamad─▒ (bir using y├╢nergeniz veya derleme ba┼ƒvurunuz mu eksik?) [D:\Desktop\Orjeen Stok Takip\Orjeen Stok Takip.csproj]
D:\Desktop\Orjeen Stok Takip\Models\Category.cs(16,10): error CS0246: 'ColumnAttribute' t├╝r├╝ veya ad alan─▒ ad─▒ bulunamad─▒ (bir using y├╢nergeniz veya derleme ba┼ƒvurunuz mu eksik?) [D:\Desktop\Orjeen Stok Takip\Orjeen Stok Takip.csproj]
D:\Desktop\Orjeen Stok Takip\Models\Category.cs(16,10): error CS0246: 'Column' t├╝r├╝ veya ad alan─▒ ad─▒ bulunamad─▒ (bir using y├╢nergeniz veya derleme ba┼ƒvurunuz mu eksik?) [D:\Desktop\Orjeen Stok Takip\Orjeen Stok Takip.csproj]
D:\Desktop\Orjeen Stok Takip\Models\Category.cs(19,10): error CS0246: 'ColumnAttribute' t├╝r├╝ veya ad alan─▒ ad─▒ bulunamad─▒ (bir using y├╢nergeniz veya derleme ba┼ƒvurunuz mu eksik?) [D:\Desktop\Orjeen Stok Takip\Orjeen Stok Takip.csproj]
D:\Desktop\Orjeen Stok Takip\Models\Category.cs(19,10): error CS0246: 'Column' t├╝r├╝ veya ad alan─▒ ad─▒ bulunamad─▒ (bir using y├╢nergeniz veya derleme ba┼ƒvurunuz mu eksik?) [D:\Desktop\Orjeen Stok Takip\Orjeen Stok Takip.csproj]
D:\Desktop\Orjeen Stok Takip\Models\Product.cs(8,28): error CS0246: 'BaseModel' t├╝r├╝ veya ad alan─▒ ad─▒ bulunamad─▒ (bir using y├╢nergeniz veya derleme ba┼ƒvurunuz mu eksik?) [D:\Desktop\Orjeen Stok Takip\Orjeen Stok Takip.csproj]
D:\Desktop\Orjeen Stok Takip\Models\Product.cs(7,6): error CS0246: 'TableAttribute' t├╝r├╝ veya ad alan─▒ ad─▒ bulunamad─▒ (bir using y├╢nergeniz veya derleme ba┼ƒvurunuz mu eksik?) [D:\Desktop\Orjeen Stok Takip\Orjeen Stok Takip.csproj]
D:\Desktop\Orjeen Stok Takip\Models\Product.cs(7,6): error CS0246: 'Table' t├╝r├╝ veya ad alan─▒ ad─▒ bulunamad─▒ (bir using y├╢nergeniz veya derleme ba┼ƒvurunuz mu eksik?) [D:\Desktop\Orjeen Stok Takip\Orjeen Stok Takip.csproj]
D:\Desktop\Orjeen Stok Takip\Models\Product.cs(10,10): error CS0246: 'PrimaryKeyAttribute' t├╝r├╝ veya ad alan─▒ ad─▒ bulunamad─▒ (bir using y├╢nergeniz veya derleme ba┼ƒvurunuz mu eksik?) [D:\Desktop\Orjeen Stok Takip\Orjeen Stok Takip.csproj]
D:\Desktop\Orjeen Stok Takip\Models\Product.cs(10,10): error CS0246: 'PrimaryKey' t├╝r├╝ veya ad alan─▒ ad─▒ bulunamad─▒ (bir using y├╢nergeniz veya derleme ba┼ƒvurunuz mu eksik?) [D:\Desktop\Orjeen Stok Takip\Orjeen Stok Takip.csproj]
D:\Desktop\Orjeen Stok Takip\Models\Product.cs(13,10): error CS0246: 'ColumnAttribute' t├╝r├╝ veya ad alan─▒ ad─▒ bulunamad─▒ (bir using y├╢nergeniz veya derleme ba┼ƒvurunuz mu eksik?) [D:\Desktop\Orjeen Stok Takip\Orjeen Stok Takip.csproj]
D:\Desktop\Orjeen Stok Takip\Models\Product.cs(13,10): error CS0246: 'Column' t├╝r├╝ veya ad alan─▒ ad─▒ bulunamad─▒ (bir using y├╢nergeniz veya derleme ba┼ƒvurunuz mu eksik?) [D:\Desktop\Orjeen Stok Takip\Orjeen Stok Takip.csproj]
D:\Desktop\Orjeen Stok Takip\Models\Product.cs(16,10): error CS0246: 'ColumnAttribute' t├╝r├╝ veya ad alan─▒ ad─▒ bulunamad─▒ (bir using y├╢nergeniz veya derleme ba┼ƒvurunuz mu eksik?) [D:\Desktop\Orjeen Stok Takip\Orjeen Stok Takip.csproj]
D:\Desktop\Orjeen Stok Takip\Models\Product.cs(16,10): error CS0246: 'Column' t├╝r├╝ veya ad alan─▒ ad─▒ bulunamad─▒ (bir using y├╢nergeniz veya derleme ba┼ƒvurunuz mu eksik?) [D:\Desktop\Orjeen Stok Takip\Orjeen Stok Takip.csproj]
D:\Desktop\Orjeen Stok Takip\Models\Product.cs(19,10): error CS0246: 'ColumnAttribute' t├╝r├╝ veya ad alan─▒ ad─▒ bulunamad─▒ (bir using y├╢nergeniz veya derleme ba┼ƒvurunuz mu eksik?) [D:\Desktop\Orjeen Stok Takip\Orjeen Stok Takip.csproj]
D:\Desktop\Orjeen Stok Takip\Models\Product.cs(19,10): error CS0246: 'Column' t├╝r├╝ veya ad alan─▒ ad─▒ bulunamad─▒ (bir using y├╢nergeniz veya derleme ba┼ƒvurunuz mu eksik?) [D:\Desktop\Orjeen Stok Takip\Orjeen Stok Takip.csproj]
D:\Desktop\Orjeen Stok Takip\Models\Product.cs(22,10): error CS0246: 'ColumnAttribute' t├╝r├╝ veya ad alan─▒ ad─▒ bulunamad─▒ (bir using y├╢nergeniz veya derleme ba┼ƒvurunuz mu eksik?) [D:\Desktop\Orjeen Stok Takip\Orjeen Stok Takip.csproj]
D:\Desktop\Orjeen Stok Takip\Models\Product.cs(22,10): error CS0246: 'Column' t├╝r├╝ veya ad alan─▒ ad─▒ bulunamad─▒ (bir using y├╢nergeniz veya derleme ba┼ƒvurunuz mu eksik?) [D:\Desktop\Orjeen Stok Takip\Orjeen Stok Takip.csproj]
D:\Desktop\Orjeen Stok Takip\Models\Product.cs(25,10): error CS0246: 'ColumnAttribute' t├╝r├╝ veya ad alan─▒ ad─▒ bulunamad─▒ (bir using y├╢nergeniz veya derleme ba┼ƒvurunuz mu eksik?) [D:\Desktop\Orjeen Stok Takip\Orjeen Stok Takip.csproj]
D:\Desktop\Orjeen Stok Takip\Models\Product.cs(25,10): error CS0246: 'Column' t├╝r├╝ veya ad alan─▒ ad─▒ bulunamad─▒ (bir using y├╢nergeniz veya derleme ba┼ƒvurunuz mu eksik?) [D:\Desktop\Orjeen Stok Takip\Orjeen Stok Takip.csproj]
D:\Desktop\Orjeen Stok Takip\Models\Product.cs(28,10): error CS0246: 'ColumnAttribute' t├╝r├╝ veya ad alan─▒ ad─▒ bulunamad─▒ (bir using y├╢nergeniz veya derleme ba┼ƒvurunuz mu eksik?) [D:\Desktop\Orjeen Stok Takip\Orjeen Stok Takip.csproj]
D:\Desktop\Orjeen Stok Takip\Models\Product.cs(28,10): error CS0246: 'Column' t├╝r├╝ veya ad alan─▒ ad─▒ bulunamad─▒ (bir using y├╢nergeniz veya derleme ba┼ƒvurunuz mu eksik?) [D:\Desktop\Orjeen Stok Takip\Orjeen Stok Takip.csproj]
D:\Desktop\Orjeen Stok Takip\Models\Product.cs(31,10): error CS0246: 'ColumnAttribute' t├╝r├╝ veya ad alan─▒ ad─▒ bulunamad─▒ (bir using y├╢nergeniz veya derleme ba┼ƒvurunuz mu eksik?) [D:\Desktop\Orjeen Stok Takip\Orjeen Stok Takip.csproj]
D:\Desktop\Orjeen Stok Takip\Models\Product.cs(31,10): error CS0246: 'Column' t├╝r├╝ veya ad alan─▒ ad─▒ bulunamad─▒ (bir using y├╢nergeniz veya derleme ba┼ƒvurunuz mu eksik?) [D:\Desktop\Orjeen Stok Takip\Orjeen Stok Takip.csproj]
D:\Desktop\Orjeen Stok Takip\Models\Product.cs(34,10): error CS0246: 'ColumnAttribute' t├╝r├╝ veya ad alan─▒ ad─▒ bulunamad─▒ (bir using y├╢nergeniz veya derleme ba┼ƒvurunuz mu eksik?) [D:\Desktop\Orjeen Stok Takip\Orjeen Stok Takip.csproj]
D:\Desktop\Orjeen Stok Takip\Models\Product.cs(34,10): error CS0246: 'Column' t├╝r├╝ veya ad alan─▒ ad─▒ bulunamad─▒ (bir using y├╢nergeniz veya derleme ba┼ƒvurunuz mu eksik?) [D:\Desktop\Orjeen Stok Takip\Orjeen Stok Takip.csproj]
D:\Desktop\Orjeen Stok Takip\Models\StockMovement.cs(8,34): error CS0246: 'BaseModel' t├╝r├╝ veya ad alan─▒ ad─▒ bulunamad─▒ (bir using y├╢nergeniz veya derleme ba┼ƒvurunuz mu eksik?) [D:\Desktop\Orjeen Stok Takip\Orjeen Stok Takip.csproj]
D:\Desktop\Orjeen Stok Takip\Models\UserProfile.cs(8,32): error CS0246: 'BaseModel' t├╝r├╝ veya ad alan─▒ ad─▒ bulunamad─▒ (bir using y├╢nergeniz veya derleme ba┼ƒvurunuz mu eksik?) [D:\Desktop\Orjeen Stok Takip\Orjeen Stok Takip.csproj]
D:\Desktop\Orjeen Stok Takip\Models\Product.cs(37,10): error CS0246: 'ColumnAttribute' t├╝r├╝ veya ad alan─▒ ad─▒ bulunamad─▒ (bir using y├╢nergeniz veya derleme ba┼ƒvurunuz mu eksik?) [D:\Desktop\Orjeen Stok Takip\Orjeen Stok Takip.csproj]
D:\Desktop\Orjeen Stok Takip\Models\Product.cs(37,10): error CS0246: 'Column' t├╝r├╝ veya ad alan─▒ ad─▒ bulunamad─▒ (bir using y├╢nergeniz veya derleme ba┼ƒvurunuz mu eksik?) [D:\Desktop\Orjeen Stok Takip\Orjeen Stok Takip.csproj]
D:\Desktop\Orjeen Stok Takip\Models\StockMovement.cs(7,6): error CS0246: 'TableAttribute' t├╝r├╝ veya ad alan─▒ ad─▒ bulunamad─▒ (bir using y├╢nergeniz veya derleme ba┼ƒvurunuz mu eksik?) [D:\Desktop\Orjeen Stok Takip\Orjeen Stok Takip.csproj]
D:\Desktop\Orjeen Stok Takip\Models\StockMovement.cs(7,6): error CS0246: 'Table' t├╝r├╝ veya ad alan─▒ ad─▒ bulunamad─▒ (bir using y├╢nergeniz veya derleme ba┼ƒvurunuz mu eksik?) [D:\Desktop\Orjeen Stok Takip\Orjeen Stok Takip.csproj]
D:\Desktop\Orjeen Stok Takip\Models\UserProfile.cs(7,6): error CS0246: 'TableAttribute' t├╝r├╝ veya ad alan─▒ ad─▒ bulunamad─▒ (bir using y├╢nergeniz veya derleme ba┼ƒvurunuz mu eksik?) [D:\Desktop\Orjeen Stok Takip\Orjeen Stok Takip.csproj]
D:\Desktop\Orjeen Stok Takip\Models\UserProfile.cs(7,6): error CS0246: 'Table' t├╝r├╝ veya ad alan─▒ ad─▒ bulunamad─▒ (bir using y├╢nergeniz veya derleme ba┼ƒvurunuz mu eksik?) [D:\Desktop\Orjeen Stok Takip\Orjeen Stok Takip.csproj]
D:\Desktop\Orjeen Stok Takip\Models\Product.cs(40,10): error CS0246: 'ColumnAttribute' t├╝r├╝ veya ad alan─▒ ad─▒ bulunamad─▒ (bir using y├╢nergeniz veya derleme ba┼ƒvurunuz mu eksik?) [D:\Desktop\Orjeen Stok Takip\Orjeen Stok Takip.csproj]
D:\Desktop\Orjeen Stok Takip\Models\Product.cs(40,10): error CS0246: 'Column' t├╝r├╝ veya ad alan─▒ ad─▒ bulunamad─▒ (bir using y├╢nergeniz veya derleme ba┼ƒvurunuz mu eksik?) [D:\Desktop\Orjeen Stok Takip\Orjeen Stok Takip.csproj]
D:\Desktop\Orjeen Stok Takip\Models\StockMovement.cs(10,10): error CS0246: 'PrimaryKeyAttribute' t├╝r├╝ veya ad alan─▒ ad─▒ bulunamad─▒ (bir using y├╢nergeniz veya derleme ba┼ƒvurunuz mu eksik?) [D:\Desktop\Orjeen Stok Takip\Orjeen Stok Takip.csproj]
D:\Desktop\Orjeen Stok Takip\Models\StockMovement.cs(10,10): error CS0246: 'PrimaryKey' t├╝r├╝ veya ad alan─▒ ad─▒ bulunamad─▒ (bir using y├╢nergeniz veya derleme ba┼ƒvurunuz mu eksik?) [D:\Desktop\Orjeen Stok Takip\Orjeen Stok Takip.csproj]
D:\Desktop\Orjeen Stok Takip\Models\UserProfile.cs(10,10): error CS0246: 'PrimaryKeyAttribute' t├╝r├╝ veya ad alan─▒ ad─▒ bulunamad─▒ (bir using y├╢nergeniz veya derleme ba┼ƒvurunuz mu eksik?) [D:\Desktop\Orjeen Stok Takip\Orjeen Stok Takip.csproj]
D:\Desktop\Orjeen Stok Takip\Models\UserProfile.cs(10,10): error CS0246: 'PrimaryKey' t├╝r├╝ veya ad alan─▒ ad─▒ bulunamad─▒ (bir using y├╢nergeniz veya derleme ba┼ƒvurunuz mu eksik?) [D:\Desktop\Orjeen Stok Takip\Orjeen Stok Takip.csproj]
D:\Desktop\Orjeen Stok Takip\Models\Product.cs(43,10): error CS0246: 'ColumnAttribute' t├╝r├╝ veya ad alan─▒ ad─▒ bulunamad─▒ (bir using y├╢nergeniz veya derleme ba┼ƒvurunuz mu eksik?) [D:\Desktop\Orjeen Stok Takip\Orjeen Stok Takip.csproj]
D:\Desktop\Orjeen Stok Takip\Models\Product.cs(43,10): error CS0246: 'Column' t├╝r├╝ veya ad alan─▒ ad─▒ bulunamad─▒ (bir using y├╢nergeniz veya derleme ba┼ƒvurunuz mu eksik?) [D:\Desktop\Orjeen Stok Takip\Orjeen Stok Takip.csproj]
D:\Desktop\Orjeen Stok Takip\Models\UserProfile.cs(13,10): error CS0246: 'ColumnAttribute' t├╝r├╝ veya ad alan─▒ ad─▒ bulunamad─▒ (bir using y├╢nergeniz veya derleme ba┼ƒvurunuz mu eksik?) [D:\Desktop\Orjeen Stok Takip\Orjeen Stok Takip.csproj]
D:\Desktop\Orjeen Stok Takip\Models\StockMovement.cs(13,10): error CS0246: 'ColumnAttribute' t├╝r├╝ veya ad alan─▒ ad─▒ bulunamad─▒ (bir using y├╢nergeniz veya derleme ba┼ƒvurunuz mu eksik?) [D:\Desktop\Orjeen Stok Takip\Orjeen Stok Takip.csproj]
D:\Desktop\Orjeen Stok Takip\Models\UserProfile.cs(13,10): error CS0246: 'Column' t├╝r├╝ veya ad alan─▒ ad─▒ bulunamad─▒ (bir using y├╢nergeniz veya derleme ba┼ƒvurunuz mu eksik?) [D:\Desktop\Orjeen Stok Takip\Orjeen Stok Takip.csproj]
D:\Desktop\Orjeen Stok Takip\Models\StockMovement.cs(13,10): error CS0246: 'Column' t├╝r├╝ veya ad alan─▒ ad─▒ bulunamad─▒ (bir using y├╢nergeniz veya derleme ba┼ƒvurunuz mu eksik?) [D:\Desktop\Orjeen Stok Takip\Orjeen Stok Takip.csproj]
D:\Desktop\Orjeen Stok Takip\Models\StockMovement.cs(16,10): error CS0246: 'ColumnAttribute' t├╝r├╝ veya ad alan─▒ ad─▒ bulunamad─▒ (bir using y├╢nergeniz veya derleme ba┼ƒvurunuz mu eksik?) [D:\Desktop\Orjeen Stok Takip\Orjeen Stok Takip.csproj]
D:\Desktop\Orjeen Stok Takip\Models\StockMovement.cs(16,10): error CS0246: 'Column' t├╝r├╝ veya ad alan─▒ ad─▒ bulunamad─▒ (bir using y├╢nergeniz veya derleme ba┼ƒvurunuz mu eksik?) [D:\Desktop\Orjeen Stok Takip\Orjeen Stok Takip.csproj]
D:\Desktop\Orjeen Stok Takip\Models\UserProfile.cs(16,10): error CS0246: 'ColumnAttribute' t├╝r├╝ veya ad alan─▒ ad─▒ bulunamad─▒ (bir using y├╢nergeniz veya derleme ba┼ƒvurunuz mu eksik?) [D:\Desktop\Orjeen Stok Takip\Orjeen Stok Takip.csproj]
D:\Desktop\Orjeen Stok Takip\Models\UserProfile.cs(16,10): error CS0246: 'Column' t├╝r├╝ veya ad alan─▒ ad─▒ bulunamad─▒ (bir using y├╢nergeniz veya derleme ba┼ƒvurunuz mu eksik?) [D:\Desktop\Orjeen Stok Takip\Orjeen Stok Takip.csproj]
D:\Desktop\Orjeen Stok Takip\Models\StockMovement.cs(19,10): error CS0246: 'ColumnAttribute' t├╝r├╝ veya ad alan─▒ ad─▒ bulunamad─▒ (bir using y├╢nergeniz veya derleme ba┼ƒvurunuz mu eksik?) [D:\Desktop\Orjeen Stok Takip\Orjeen Stok Takip.csproj]
D:\Desktop\Orjeen Stok Takip\Models\UserProfile.cs(19,10): error CS0246: 'ColumnAttribute' t├╝r├╝ veya ad alan─▒ ad─▒ bulunamad─▒ (bir using y├╢nergeniz veya derleme ba┼ƒvurunuz mu eksik?) [D:\Desktop\Orjeen Stok Takip\Orjeen Stok Takip.csproj]
D:\Desktop\Orjeen Stok Takip\Models\StockMovement.cs(19,10): error CS0246: 'Column' t├╝r├╝ veya ad alan─▒ ad─▒ bulunamad─▒ (bir using y├╢nergeniz veya derleme ba┼ƒvurunuz mu eksik?) [D:\Desktop\Orjeen Stok Takip\Orjeen Stok Takip.csproj]
D:\Desktop\Orjeen Stok Takip\Models\UserProfile.cs(19,10): error CS0246: 'Column' t├╝r├╝ veya ad alan─▒ ad─▒ bulunamad─▒ (bir using y├╢nergeniz veya derleme ba┼ƒvurunuz mu eksik?) [D:\Desktop\Orjeen Stok Takip\Orjeen Stok Takip.csproj]
D:\Desktop\Orjeen Stok Takip\Models\StockMovement.cs(22,10): error CS0246: 'ColumnAttribute' t├╝r├╝ veya ad alan─▒ ad─▒ bulunamad─▒ (bir using y├╢nergeniz veya derleme ba┼ƒvurunuz mu eksik?) [D:\Desktop\Orjeen Stok Takip\Orjeen Stok Takip.csproj]
D:\Desktop\Orjeen Stok Takip\Models\UserProfile.cs(22,10): error CS0246: 'ColumnAttribute' t├╝r├╝ veya ad alan─▒ ad─▒ bulunamad─▒ (bir using y├╢nergeniz veya derleme ba┼ƒvurunuz mu eksik?) [D:\Desktop\Orjeen Stok Takip\Orjeen Stok Takip.csproj]
D:\Desktop\Orjeen Stok Takip\Models\StockMovement.cs(22,10): error CS0246: 'Column' t├╝r├╝ veya ad alan─▒ ad─▒ bulunamad─▒ (bir using y├╢nergeniz veya derleme ba┼ƒvurunuz mu eksik?) [D:\Desktop\Orjeen Stok Takip\Orjeen Stok Takip.csproj]
D:\Desktop\Orjeen Stok Takip\Models\UserProfile.cs(22,10): error CS0246: 'Column' t├╝r├╝ veya ad alan─▒ ad─▒ bulunamad─▒ (bir using y├╢nergeniz veya derleme ba┼ƒvurunuz mu eksik?) [D:\Desktop\Orjeen Stok Takip\Orjeen Stok Takip.csproj]
D:\Desktop\Orjeen Stok Takip\Models\StockMovement.cs(25,10): error CS0246: 'ColumnAttribute' t├╝r├╝ veya ad alan─▒ ad─▒ bulunamad─▒ (bir using y├╢nergeniz veya derleme ba┼ƒvurunuz mu eksik?) [D:\Desktop\Orjeen Stok Takip\Orjeen Stok Takip.csproj]
D:\Desktop\Orjeen Stok Takip\Models\StockMovement.cs(25,10): error CS0246: 'Column' t├╝r├╝ veya ad alan─▒ ad─▒ bulunamad─▒ (bir using y├╢nergeniz veya derleme ba┼ƒvurunuz mu eksik?) [D:\Desktop\Orjeen Stok Takip\Orjeen Stok Takip.csproj]
D:\Desktop\Orjeen Stok Takip\Models\StockMovement.cs(28,10): error CS0246: 'ColumnAttribute' t├╝r├╝ veya ad alan─▒ ad─▒ bulunamad─▒ (bir using y├╢nergeniz veya derleme ba┼ƒvurunuz mu eksik?) [D:\Desktop\Orjeen Stok Takip\Orjeen Stok Takip.csproj]
D:\Desktop\Orjeen Stok Takip\Models\StockMovement.cs(28,10): error CS0246: 'Column' t├╝r├╝ veya ad alan─▒ ad─▒ bulunamad─▒ (bir using y├╢nergeniz veya derleme ba┼ƒvurunuz mu eksik?) [D:\Desktop\Orjeen Stok Takip\Orjeen Stok Takip.csproj]
D:\Desktop\Orjeen Stok Takip\Models\UserProfile.cs(25,10): error CS0246: 'ColumnAttribute' t├╝r├╝ veya ad alan─▒ ad─▒ bulunamad─▒ (bir using y├╢nergeniz veya derleme ba┼ƒvurunuz mu eksik?) [D:\Desktop\Orjeen Stok Takip\Orjeen Stok Takip.csproj]
D:\Desktop\Orjeen Stok Takip\Models\UserProfile.cs(25,10): error CS0246: 'Column' t├╝r├╝ veya ad alan─▒ ad─▒ bulunamad─▒ (bir using y├╢nergeniz veya derleme ba┼ƒvurunuz mu eksik?) [D:\Desktop\Orjeen Stok Takip\Orjeen Stok Takip.csproj]
D:\Desktop\Orjeen Stok Takip\Models\StockMovement.cs(31,10): error CS0246: 'ColumnAttribute' t├╝r├╝ veya ad alan─▒ ad─▒ bulunamad─▒ (bir using y├╢nergeniz veya derleme ba┼ƒvurunuz mu eksik?) [D:\Desktop\Orjeen Stok Takip\Orjeen Stok Takip.csproj]
D:\Desktop\Orjeen Stok Takip\Models\StockMovement.cs(31,10): error CS0246: 'Column' t├╝r├╝ veya ad alan─▒ ad─▒ bulunamad─▒ (bir using y├╢nergeniz veya derleme ba┼ƒvurunuz mu eksik?) [D:\Desktop\Orjeen Stok Takip\Orjeen Stok Takip.csproj]
    0 Uyar─▒
    80 Hata

Ge├ºen S├╝re 00:00:02.87
